{
  "version": "1.5.0",
  "plugins_used": [
    {
      "name": "ArtifactoryDetector"
    },
    {
      "name": "AWSKeyDetector"
    },
    {
      "name": "AzureStorageKeyDetector"
    },
    {
      "name": "Base64HighEntropyString",
      "limit": 4.5
    },
    {
      "name": "BasicAuthDetector"
    },
    {
      "name": "CloudantDetector"
    },
    {
      "name": "DiscordBotTokenDetector"
    },
    {
      "name": "GitHubTokenDetector"
    },
    {
      "name": "GitLabTokenDetector"
    },
    {
      "name": "HexHighEntropyString",
      "limit": 3.0
    },
    {
      "name": "IbmCloudIamDetector"
    },
    {
      "name": "IbmCosHmacDetector"
    },
    {
      "name": "IPPublicDetector"
    },
    {
      "name": "JwtTokenDetector"
    },
    {
      "name": "KeywordDetector",
      "keyword_exclude": ""
    },
    {
      "name": "MailchimpDetector"
    },
    {
      "name": "NpmDetector"
    },
    {
      "name": "OpenAIDetector"
    },
    {
      "name": "PrivateKeyDetector"
    },
    {
      "name": "PypiTokenDetector"
    },
    {
      "name": "SendGridDetector"
    },
    {
      "name": "SlackDetector"
    },
    {
      "name": "SoftlayerDetector"
    },
    {
      "name": "SquareOAuthDetector"
    },
    {
      "name": "StripeDetector"
    },
    {
      "name": "TelegramBotTokenDetector"
    },
    {
      "name": "TwilioKeyDetector"
    }
  ],
  "filters_used": [
    {
      "path": "detect_secrets.filters.allowlist.is_line_allowlisted"
    },
    {
      "path": "detect_secrets.filters.common.is_baseline_file",
      "filename": ".secrets.baseline"
    },
    {
      "path": "detect_secrets.filters.common.is_ignored_due_to_verification_policies",
      "min_level": 2
    },
    {
      "path": "detect_secrets.filters.heuristic.is_indirect_reference"
    },
    {
      "path": "detect_secrets.filters.heuristic.is_likely_id_string"
    },
    {
      "path": "detect_secrets.filters.heuristic.is_lock_file"
    },
    {
      "path": "detect_secrets.filters.heuristic.is_not_alphanumeric_string"
    },
    {
      "path": "detect_secrets.filters.heuristic.is_potential_uuid"
    },
    {
      "path": "detect_secrets.filters.heuristic.is_prefixed_with_dollar_sign"
    },
    {
      "path": "detect_secrets.filters.heuristic.is_sequential_string"
    },
    {
      "path": "detect_secrets.filters.heuristic.is_swagger_file"
    },
    {
      "path": "detect_secrets.filters.heuristic.is_templated_secret"
    },
    {
      "path": "detect_secrets.filters.regex.should_exclude_file",
      "pattern": [
        "(^|[\\\\/])(?:\\.git|\\.pytest_cache|__pycache__)([\\\\/]|$)"
      ]
    }
  ],
  "results": {
    "test_github_app_delivery_hardening.py": [
      {
        "type": "Secret Keyword",
        "filename": "test_github_app_delivery_hardening.py",
        "hashed_secret": "e5e9fa1ba31ecd1ae84f75caaa474f3a663f05f4",
        "is_verified": false,
        "line_number": 251
      }
    ],
    "test_github_app_http.py": [
      {
        "type": "Secret Keyword",
        "filename": "test_github_app_http.py",
        "hashed_secret": "e3694c1417723ec08d5b724fd101b28c5611ebd1",
        "is_verified": false,
        "line_number": 12
      }
    ],
    "test_github_app_live_publication.py": [
      {
        "type": "Secret Keyword",
        "filename": "test_github_app_live_publication.py",
        "hashed_secret": "38abc48c1eb5838519ab0372fbf38f1eb0f3f73c",
        "is_verified": false,
        "line_number": 131
      },
      {
        "type": "Secret Keyword",
        "filename": "test_github_app_live_publication.py",
        "hashed_secret": "b1660299e7a33233b110e78b9ce942b9ec6647af",
        "is_verified": false,
        "line_number": 133
      }
    ],
    "test_github_app_pilot_assets.py": [
      {
        "type": "Secret Keyword",
        "filename": "test_github_app_pilot_assets.py",
        "hashed_secret": "c95a66efac126914a9a52289dc982511440e0b15",
        "is_verified": false,
        "line_number": 95
      },
      {
        "type": "Private Key",
        "filename": "test_github_app_pilot_assets.py",
        "hashed_secret": "1348b145fa1a555461c1b790a2f66614781091e9",
        "is_verified": false,
        "line_number": 171
      }
    ],
    "test_github_app_runner.py": [
      {
        "type": "Secret Keyword",
        "filename": "test_github_app_runner.py",
        "hashed_secret": "e5e9fa1ba31ecd1ae84f75caaa474f3a663f05f4",
        "is_verified": false,
        "line_number": 453
      }
    ],
    "test_github_app_server.py": [
      {
        "type": "Secret Keyword",
        "filename": "test_github_app_server.py",
        "hashed_secret": "5098f48cfdafa010a57689ec50906ab1b15ced79",
        "is_verified": false,
        "line_number": 16
      }
    ],
    "test_github_app_service.py": [
      {
        "type": "Secret Keyword",
        "filename": "test_github_app_service.py",
        "hashed_secret": "e5e9fa1ba31ecd1ae84f75caaa474f3a663f05f4",
        "is_verified": false,
        "line_number": 142
      },
      {
        "type": "Secret Keyword",
        "filename": "test_github_app_service.py",
        "hashed_secret": "2c35baf5aa803a12df64c64b97df0445c46aeb03",
        "is_verified": false,
        "line_number": 144
      }
    ],
    "test_github_app_settings.py": [
      {
        "type": "Secret Keyword",
        "filename": "test_github_app_settings.py",
        "hashed_secret": "cec85db1327762f7c32ed1cb82ca2455d29aec1b",
        "is_verified": false,
        "line_number": 13
      }
    ],
    "test_github_app_signatures.py": [
      {
        "type": "Secret Keyword",
        "filename": "test_github_app_signatures.py",
        "hashed_secret": "38abc48c1eb5838519ab0372fbf38f1eb0f3f73c",
        "is_verified": false,
        "line_number": 18
      },
      {
        "type": "Secret Keyword",
        "filename": "test_github_app_signatures.py",
        "hashed_secret": "7deeb1b520a95d17eb2f4cf59b05d5c5f9e71e4d",
        "is_verified": false,
        "line_number": 38
      },
      {
        "type": "Secret Keyword",
        "filename": "test_github_app_signatures.py",
        "hashed_secret": "e5e9fa1ba31ecd1ae84f75caaa474f3a663f05f4",
        "is_verified": false,
        "line_number": 63
      }
    ],
    "test_pr_guard.py": [
      {
        "type": "Secret Keyword",
        "filename": "test_pr_guard.py",
        "hashed_secret": "939132eceaa55e0ab8ff385be290ad163146672d",
        "is_verified": false,
        "line_number": 208
      }
    ],
    "test_presentation.py": [
      {
        "type": "Secret Keyword",
        "filename": "test_presentation.py",
        "hashed_secret": "0a1ca0bb88eedf0de16d512f7541963d99eae08e",
        "is_verified": false,
        "line_number": 754
      }
    ]
  },
  "generated_at": "2026-08-01T08:28:24Z"
}
